<?xml version="1.0" encoding="UTF-8"?>
<testsuites name="jest tests" tests="1" failures="0" errors="0" time="1.507">
  <testsuite name="test" errors="0" failures="0" skipped="0" timestamp="2024-02-03T01:50:21" time="0.562" tests="1">
    <testcase classname="test test" name="test test" time="0.019">
    </testcase>
  </testsuite>
</testsuites>